// Jest Snapshot v1, https://goo.gl/fbAQLP

exports[`MapContainer matches snapshot 1`] = `
<div>
  Loading...
</div>
`;
