// Jest Snapshot v1, https://goo.gl/fbAQLP

exports[`Poidetail matches snapshot 1`] = `
<p>
  test label
</p>
`;
